[www.calgaryzoo.com/news/investigation-confirms-western-lowland-gorilla-death-an-accident/index.html]
[backblue.gif]
[fade.gif]
[index.html]
[www.calgaryzoo.com/wp-content/themes/theme/dist/assets/main.43dfd6f2d1c0.css]
[www.calgaryzoo.com/wp-content/uploads/2023/07/cropped-favicon-32x32.png]
[www.calgaryzoo.com/wp-content/uploads/2023/07/cropped-favicon-192x192.png]
[www.calgaryzoo.com/wp-content/uploads/2023/07/cropped-favicon-180x180.png]
[www.calgaryzoo.com/wp-content/uploads/2023/09/KHS01626-1024x576.jpg]
[www.calgaryzoo.com/wp-content/uploads/2024/02/EASTER-2024-High-res-February-21-2024-3-of-6-1024x576.jpg]
[www.calgaryzoo.com/wp-content/uploads/2025/02/DSC_0683-1024x576.jpg]
[www.calgaryzoo.com/wp-content/uploads/2024/05/20231219-BEL_0364-1024x576.jpg]
[www.calgaryzoo.com/wp-content/uploads/2025/03/2760-MKT_WAH-Badge_P6-1-1024x576.jpg]
[www.calgaryzoo.com/wp-content/uploads/2023/08/20220805_WilderInstituteCalgaryZoo_Day2_1486_FIN-1-1024x683.jpg]
[www.calgaryzoo.com/wp-content/uploads/2023/09/Can-Wilds-Investigation-1024x768.jpg]
[go.wordfly.com/dist/js/gadgets-loader.js]
[www.calgaryzoo.com/wp-content/themes/theme/dist/assets/main.7343b0f5d1c0.js]
[www.calgaryzoo.com/wp-content/themes/theme/dist/assets/websales.fd00b56dd1c0.js]
[www.calgaryzoo.com/news/investigation-confirms-western-lowland-gorilla-death-an-accident/index.html]
[cdn.jsdelivr.net/npm/vanilla-lazyload@12.1.0/dist/lazyload.min.js]
[www.calgaryzoo.com/wp-content/themes/theme/dist/assets/bg-pattern-tiger-stripe.bfae4b6b.svg]
[www.calgaryzoo.com/wp-content/themes/theme/dist/assets/bg-pattern-crocodile-scales.a6b2789d.svg]
[www.calgaryzoo.com/wp-content/themes/theme/dist/assets/bg-pattern-giraffe-spots.6a923a6c.svg]
[www.calgaryzoo.com/wp-content/themes/theme/dist/assets/bg-pattern-bottom-ribbons.5a86e0e6.svg]
[www.calgaryzoo.com/wp-content/themes/theme/dist/assets/icon-chevron-down.c65afec4.svg]
[www.calgaryzoo.com/wp-content/themes/theme/dist/assets/icon-up-arrow.aa2137b9.svg]
[www.calgaryzoo.com/wp-content/themes/theme/dist/assets/icon-down-arrow.47bbf91b.svg]
[www.calgaryzoo.com/wp-content/themes/theme/dist/assets/collapse.54a99cef.svg]
[www.calgaryzoo.com/wp-content/themes/theme/dist/assets/expand.7f4f52a8.svg]
[www.calgaryzoo.com/wp-content/themes/theme/dist/assets/main.43dfd6f2d1c0.css]
[www.googletagmanager.com/gtm5445.html]
[www.calgaryzoo.com/wp-content/themes/theme/dist/assets/main.7343b0f5d1c0.js]
[www.calgaryzoo.com/wp-content/themes/theme/dist/assets/websales.fd00b56dd1c0.js]
[www.calgaryzoo.com/wp-content/themes/theme/dist/assets/bg-pattern-tiger-stripe.bfae4b6b.svg]
[www.calgaryzoo.com/wp-content/themes/theme/dist/assets/bg-pattern-crocodile-scales.a6b2789d.svg]
[www.calgaryzoo.com/wp-content/themes/theme/dist/assets/bg-pattern-giraffe-spots.6a923a6c.svg]
[www.calgaryzoo.com/wp-content/themes/theme/dist/assets/bg-pattern-bottom-ribbons.5a86e0e6.svg]
[www.calgaryzoo.com/wp-content/themes/theme/dist/assets/icon-chevron-down.c65afec4.svg]
[www.calgaryzoo.com/wp-content/themes/theme/dist/assets/icon-up-arrow.aa2137b9.svg]
[www.calgaryzoo.com/wp-content/themes/theme/dist/assets/icon-down-arrow.47bbf91b.svg]
[www.calgaryzoo.com/wp-content/themes/theme/dist/assets/collapse.54a99cef.svg]
[www.calgaryzoo.com/wp-content/themes/theme/dist/assets/expand.7f4f52a8.svg]
